Assets\TalesTactics\Runtime\Core\CampaignFile.cs(10,104): warning CS0649: 'CampaignFile.Header.Inventory' 필드에는 할당되지 않으므로 항상 null 기본값을 사용합니다.
PASS TalesTactics.Runtime API compilation
PASS TalesTactics.Editor API compilation
PASS TalesTactics.Tests API compilation
Assets\TalesTactics\PlayModeTests\CharacterPoseSceneTests.cs(51,66): warning CS0618: 'FindObjectsSortMode'은(는) 사용되지 않습니다. 'FindObjectsSortMode has been deprecated. Use the FindObjectsByType overloads that do not take a FindObjectsSortMode parameter.'
Assets\TalesTactics\PlayModeTests\CharacterPoseSceneTests.cs(51,24): warning CS0618: 'Object.FindObjectsByType<T>(FindObjectsSortMode)'은(는) 사용되지 않습니다. 'FindObjectsByType with FindObjectsSortMode parameter has been deprecated. Use FindObjectsByType<T>() or FindObjectsByType<T>(FindObjectsInactive) instead. InstanceID will be replaced in the future with EntityId and previous sort order cannot be maintained.'
Assets\TalesTactics\PlayModeTests\CombatEffectsSceneTests.cs(14,66): warning CS0618: 'FindObjectsSortMode'은(는) 사용되지 않습니다. 'FindObjectsSortMode has been deprecated. Use the FindObjectsByType overloads that do not take a FindObjectsSortMode parameter.'
Assets\TalesTactics\PlayModeTests\CombatEffectsSceneTests.cs(14,24): warning CS0618: 'Object.FindObjectsByType<T>(FindObjectsSortMode)'은(는) 사용되지 않습니다. 'FindObjectsByType with FindObjectsSortMode parameter has been deprecated. Use FindObjectsByType<T>() or FindObjectsByType<T>(FindObjectsInactive) instead. InstanceID will be replaced in the future with EntityId and previous sort order cannot be maintained.'
Assets\TalesTactics\PlayModeTests\CombatEffectsSceneTests.cs(49,64): warning CS0618: 'FindObjectsSortMode'은(는) 사용되지 않습니다. 'FindObjectsSortMode has been deprecated. Use the FindObjectsByType overloads that do not take a FindObjectsSortMode parameter.'
Assets\TalesTactics\PlayModeTests\CombatEffectsSceneTests.cs(49,25): warning CS0618: 'Object.FindObjectsByType<T>(FindObjectsSortMode)'은(는) 사용되지 않습니다. 'FindObjectsByType with FindObjectsSortMode parameter has been deprecated. Use FindObjectsByType<T>() or FindObjectsByType<T>(FindObjectsInactive) instead. InstanceID will be replaced in the future with EntityId and previous sort order cannot be maintained.'
Assets\TalesTactics\PlayModeTests\CombatEffectsSceneTests.cs(64,68): warning CS0618: 'FindObjectsSortMode'은(는) 사용되지 않습니다. 'FindObjectsSortMode has been deprecated. Use the FindObjectsByType overloads that do not take a FindObjectsSortMode parameter.'
Assets\TalesTactics\PlayModeTests\CombatEffectsSceneTests.cs(64,29): warning CS0618: 'Object.FindObjectsByType<T>(FindObjectsSortMode)'은(는) 사용되지 않습니다. 'FindObjectsByType with FindObjectsSortMode parameter has been deprecated. Use FindObjectsByType<T>() or FindObjectsByType<T>(FindObjectsInactive) instead. InstanceID will be replaced in the future with EntityId and previous sort order cannot be maintained.'
Assets\TalesTactics\PlayModeTests\CombatEffectsSceneTests.cs(68,68): warning CS0618: 'FindObjectsSortMode'은(는) 사용되지 않습니다. 'FindObjectsSortMode has been deprecated. Use the FindObjectsByType overloads that do not take a FindObjectsSortMode parameter.'
Assets\TalesTactics\PlayModeTests\CombatEffectsSceneTests.cs(68,29): warning CS0618: 'Object.FindObjectsByType<T>(FindObjectsSortMode)'은(는) 사용되지 않습니다. 'FindObjectsByType with FindObjectsSortMode parameter has been deprecated. Use FindObjectsByType<T>() or FindObjectsByType<T>(FindObjectsInactive) instead. InstanceID will be replaced in the future with EntityId and previous sort order cannot be maintained.'
Assets\TalesTactics\PlayModeTests\CombatEffectsSceneTests.cs(98,68): warning CS0618: 'FindObjectsSortMode'은(는) 사용되지 않습니다. 'FindObjectsSortMode has been deprecated. Use the FindObjectsByType overloads that do not take a FindObjectsSortMode parameter.'
Assets\TalesTactics\PlayModeTests\CombatEffectsSceneTests.cs(98,29): warning CS0618: 'Object.FindObjectsByType<T>(FindObjectsSortMode)'은(는) 사용되지 않습니다. 'FindObjectsByType with FindObjectsSortMode parameter has been deprecated. Use FindObjectsByType<T>() or FindObjectsByType<T>(FindObjectsInactive) instead. InstanceID will be replaced in the future with EntityId and previous sort order cannot be maintained.'
Assets\TalesTactics\PlayModeTests\CombatEffectsSceneTests.cs(99,70): warning CS0618: 'FindObjectsSortMode'은(는) 사용되지 않습니다. 'FindObjectsSortMode has been deprecated. Use the FindObjectsByType overloads that do not take a FindObjectsSortMode parameter.'
Assets\TalesTactics\PlayModeTests\CombatEffectsSceneTests.cs(99,28): warning CS0618: 'Object.FindObjectsByType<T>(FindObjectsSortMode)'은(는) 사용되지 않습니다. 'FindObjectsByType with FindObjectsSortMode parameter has been deprecated. Use FindObjectsByType<T>() or FindObjectsByType<T>(FindObjectsInactive) instead. InstanceID will be replaced in the future with EntityId and previous sort order cannot be maintained.'
Assets\TalesTactics\PlayModeTests\CombatEffectsSceneTests.cs(101,73): warning CS0618: 'FindObjectsSortMode'은(는) 사용되지 않습니다. 'FindObjectsSortMode has been deprecated. Use the FindObjectsByType overloads that do not take a FindObjectsSortMode parameter.'
Assets\TalesTactics\PlayModeTests\CombatEffectsSceneTests.cs(101,29): warning CS0618: 'Object.FindObjectsByType<T>(FindObjectsSortMode)'은(는) 사용되지 않습니다. 'FindObjectsByType with FindObjectsSortMode parameter has been deprecated. Use FindObjectsByType<T>() or FindObjectsByType<T>(FindObjectsInactive) instead. InstanceID will be replaced in the future with EntityId and previous sort order cannot be maintained.'
Assets\TalesTactics\PlayModeTests\LocomotionSceneTests.cs(50,74): warning CS0618: 'FindObjectsSortMode'은(는) 사용되지 않습니다. 'FindObjectsSortMode has been deprecated. Use the FindObjectsByType overloads that do not take a FindObjectsSortMode parameter.'
Assets\TalesTactics\PlayModeTests\LocomotionSceneTests.cs(50,32): warning CS0618: 'Object.FindObjectsByType<T>(FindObjectsSortMode)'은(는) 사용되지 않습니다. 'FindObjectsByType with FindObjectsSortMode parameter has been deprecated. Use FindObjectsByType<T>() or FindObjectsByType<T>(FindObjectsInactive) instead. InstanceID will be replaced in the future with EntityId and previous sort order cannot be maintained.'
Assets\TalesTactics\PlayModeTests\PresentationSceneTests.cs(19,66): warning CS0618: 'FindObjectsSortMode'은(는) 사용되지 않습니다. 'FindObjectsSortMode has been deprecated. Use the FindObjectsByType overloads that do not take a FindObjectsSortMode parameter.'
Assets\TalesTactics\PlayModeTests\PresentationSceneTests.cs(19,24): warning CS0618: 'Object.FindObjectsByType<T>(FindObjectsSortMode)'은(는) 사용되지 않습니다. 'FindObjectsByType with FindObjectsSortMode parameter has been deprecated. Use FindObjectsByType<T>() or FindObjectsByType<T>(FindObjectsInactive) instead. InstanceID will be replaced in the future with EntityId and previous sort order cannot be maintained.'
PASS TalesTactics.PlayModeTests API compilation
